// Jest Snapshot v1, https://goo.gl/fbAQLP

exports[`Log Out Controller Log Out 1`] = `
<div
  className="menusStyle"
>
  <a
    className="homeButton"
    href="/home"
    onClick={[Function]}
  >
     Learn-io 
  </a>
  <div
    className="dropdown"
  >
    <button
      aria-expanded={false}
      aria-haspopup={true}
      className="dropbtn dropdown-toggle btn btn-primary"
      disabled={false}
      id="dropdown-basic"
      onClick={[Function]}
      type="button"
    >
      <img
        alt="menus"
        height="40px"
        src="menus.png"
        width="40px"
      />
    </button>
  </div>
</div>
`;
